[2024-03-17T16:07:13.418+0000][0.064s] Using G1
[2024-03-17T16:07:14.509+0000][1.155s] Version: 17.0.10+7 (release)
[2024-03-17T16:07:14.565+0000][1.210s] CPUs: 8 total, 8 available
[2024-03-17T16:07:14.565+0000][1.211s] Memory: 2573M
[2024-03-17T16:07:14.568+0000][1.213s] Large Page Support: Disabled
[2024-03-17T16:07:14.571+0000][1.217s] NUMA Support: Disabled
[2024-03-17T16:07:14.572+0000][1.217s] Compressed Oops: Enabled (32-bit)
[2024-03-17T16:07:14.572+0000][1.218s] Heap Region Size: 1M
[2024-03-17T16:07:14.572+0000][1.218s] Heap Min Capacity: 512M
[2024-03-17T16:07:14.572+0000][1.218s] Heap Initial Capacity: 512M
[2024-03-17T16:07:14.572+0000][1.218s] Heap Max Capacity: 512M
[2024-03-17T16:07:14.572+0000][1.218s] Pre-touch: Enabled
[2024-03-17T16:07:14.573+0000][1.218s] Parallel Workers: 8
[2024-03-17T16:07:14.574+0000][1.220s] Concurrent Workers: 2
[2024-03-17T16:07:14.575+0000][1.220s] Concurrent Refinement Workers: 8
[2024-03-17T16:07:14.575+0000][1.220s] Periodic GC: Disabled
[2024-03-17T16:07:14.732+0000][1.377s] CDS archive(s) mapped at: [0x0000006000000000-0x0000006000a5f000-0x0000006000a5f000), size 10874880, SharedBaseAddress: 0x0000006000000000, ArchiveRelocationMode: 1.
[2024-03-17T16:07:14.738+0000][1.384s] Compressed class space mapped at: 0x0000006001000000-0x0000006041000000, reserved size: 1073741824
[2024-03-17T16:07:14.746+0000][1.392s] Narrow klass base: 0x0000006000000000, Narrow klass shift: 0, Narrow klass range: 0x100000000
[2024-03-17T16:07:19.184+0000][5.830s] GC(0) Pause Young (Normal) (G1 Evacuation Pause)
[2024-03-17T16:07:19.185+0000][5.830s] GC(0) Using 8 workers of 8 for evacuation
[2024-03-17T16:07:19.230+0000][5.875s] GC(0)   Pre Evacuate Collection Set: 1.2ms
[2024-03-17T16:07:19.230+0000][5.875s] GC(0)   Merge Heap Roots: 0.3ms
[2024-03-17T16:07:19.231+0000][5.876s] GC(0)   Evacuate Collection Set: 40.3ms
[2024-03-17T16:07:19.231+0000][5.877s] GC(0)   Post Evacuate Collection Set: 2.4ms
[2024-03-17T16:07:19.232+0000][5.877s] GC(0)   Other: 1.2ms
[2024-03-17T16:07:19.232+0000][5.877s] GC(0) Eden regions: 29->0(50)
[2024-03-17T16:07:19.236+0000][5.881s] GC(0) Survivor regions: 0->4(4)
[2024-03-17T16:07:19.237+0000][5.882s] GC(0) Old regions: 0->1
[2024-03-17T16:07:19.238+0000][5.883s] GC(0) Archive regions: 2->2
[2024-03-17T16:07:19.239+0000][5.884s] GC(0) Humongous regions: 4->4
[2024-03-17T16:07:19.240+0000][5.885s] GC(0) Metaspace: 10133K(10432K)->10133K(10432K) NonClass: 8873K(9024K)->8873K(9024K) Class: 1260K(1408K)->1260K(1408K)
[2024-03-17T16:07:19.241+0000][5.886s] GC(0) Pause Young (Normal) (G1 Evacuation Pause) 33M->9M(512M) 56.689ms
[2024-03-17T16:07:19.242+0000][5.887s] GC(0) User=0.07s Sys=0.00s Real=0.06s
[2024-03-17T16:07:22.229+0000][8.874s] GC(1) Pause Young (Normal) (G1 Evacuation Pause)
[2024-03-17T16:07:22.229+0000][8.874s] GC(1) Using 8 workers of 8 for evacuation
[2024-03-17T16:07:22.363+0000][9.008s] GC(1)   Pre Evacuate Collection Set: 3.7ms
[2024-03-17T16:07:22.369+0000][9.014s] GC(1)   Merge Heap Roots: 1.5ms
[2024-03-17T16:07:22.373+0000][9.018s] GC(1)   Evacuate Collection Set: 124.7ms
[2024-03-17T16:07:22.374+0000][9.020s] GC(1)   Post Evacuate Collection Set: 2.1ms
[2024-03-17T16:07:22.374+0000][9.020s] GC(1)   Other: 2.3ms
[2024-03-17T16:07:22.376+0000][9.021s] GC(1) Eden regions: 48->0(48)
[2024-03-17T16:07:22.376+0000][9.021s] GC(1) Survivor regions: 4->7(7)
[2024-03-17T16:07:22.376+0000][9.021s] GC(1) Old regions: 1->10
[2024-03-17T16:07:22.376+0000][9.021s] GC(1) Archive regions: 2->2
[2024-03-17T16:07:22.376+0000][9.021s] GC(1) Humongous regions: 4->4
[2024-03-17T16:07:22.376+0000][9.021s] GC(1) Metaspace: 17827K(18048K)->17827K(18048K) NonClass: 15621K(15744K)->15621K(15744K) Class: 2206K(2304K)->2206K(2304K)
[2024-03-17T16:07:22.376+0000][9.021s] GC(1) Pause Young (Normal) (G1 Evacuation Pause) 57M->20M(512M) 147.355ms
[2024-03-17T16:07:22.376+0000][9.021s] GC(1) User=0.14s Sys=0.00s Real=0.15s
[2024-03-17T16:07:25.463+0000][12.109s] GC(2) Pause Young (Concurrent Start) (Metadata GC Threshold)
[2024-03-17T16:07:25.464+0000][12.109s] GC(2) Using 8 workers of 8 for evacuation
[2024-03-17T16:07:25.522+0000][12.167s] GC(2)   Pre Evacuate Collection Set: 0.7ms
[2024-03-17T16:07:25.522+0000][12.168s] GC(2)   Merge Heap Roots: 0.1ms
[2024-03-17T16:07:25.523+0000][12.168s] GC(2)   Evacuate Collection Set: 55.5ms
[2024-03-17T16:07:25.523+0000][12.169s] GC(2)   Post Evacuate Collection Set: 1.2ms
[2024-03-17T16:07:25.523+0000][12.169s] GC(2)   Other: 1.2ms
[2024-03-17T16:07:25.524+0000][12.170s] GC(2) Eden regions: 29->0(60)
[2024-03-17T16:07:25.524+0000][12.170s] GC(2) Survivor regions: 7->3(7)
[2024-03-17T16:07:25.524+0000][12.170s] GC(2) Old regions: 10->17
[2024-03-17T16:07:25.527+0000][12.172s] GC(2) Archive regions: 2->2
[2024-03-17T16:07:25.527+0000][12.173s] GC(2) Humongous regions: 4->4
[2024-03-17T16:07:25.527+0000][12.173s] GC(2) Metaspace: 21249K(21504K)->21249K(21504K) NonClass: 18627K(18752K)->18627K(18752K) Class: 2621K(2752K)->2621K(2752K)
[2024-03-17T16:07:25.528+0000][12.173s] GC(2) Pause Young (Concurrent Start) (Metadata GC Threshold) 49M->24M(512M) 64.337ms
[2024-03-17T16:07:25.528+0000][12.173s] GC(2) User=0.05s Sys=0.00s Real=0.06s
[2024-03-17T16:07:25.535+0000][12.180s] GC(3) Concurrent Mark Cycle
[2024-03-17T16:07:25.535+0000][12.180s] GC(3) Concurrent Clear Claimed Marks
[2024-03-17T16:07:25.536+0000][12.181s] GC(3) Concurrent Clear Claimed Marks 0.573ms
[2024-03-17T16:07:25.536+0000][12.181s] GC(3) Concurrent Scan Root Regions
[2024-03-17T16:07:25.548+0000][12.193s] GC(3) Concurrent Scan Root Regions 12.126ms
[2024-03-17T16:07:25.548+0000][12.194s] GC(3) Concurrent Mark
[2024-03-17T16:07:25.555+0000][12.200s] GC(3) Concurrent Mark From Roots
[2024-03-17T16:07:25.556+0000][12.202s] GC(3) Using 2 workers of 2 for marking
[2024-03-17T16:07:25.566+0000][12.211s] GC(3) Concurrent Mark From Roots 10.837ms
[2024-03-17T16:07:25.566+0000][12.212s] GC(3) Concurrent Preclean
[2024-03-17T16:07:25.568+0000][12.213s] GC(3) Concurrent Preclean 1.954ms
[2024-03-17T16:07:25.578+0000][12.223s] GC(3) Pause Remark
[2024-03-17T16:07:25.591+0000][12.236s] GC(3) Pause Remark 24M->24M(512M) 12.726ms
[2024-03-17T16:07:25.591+0000][12.236s] GC(3) User=0.01s Sys=0.00s Real=0.01s
[2024-03-17T16:07:25.592+0000][12.237s] GC(3) Concurrent Mark 43.301ms
[2024-03-17T16:07:25.593+0000][12.239s] GC(3) Concurrent Rebuild Remembered Sets
[2024-03-17T16:07:25.629+0000][12.275s] GC(3) Concurrent Rebuild Remembered Sets 35.959ms
[2024-03-17T16:07:25.636+0000][12.281s] GC(3) Pause Cleanup
[2024-03-17T16:07:25.636+0000][12.282s] GC(3) Pause Cleanup 24M->24M(512M) 0.475ms
[2024-03-17T16:07:25.637+0000][12.282s] GC(3) User=0.00s Sys=0.00s Real=0.00s
[2024-03-17T16:07:25.637+0000][12.282s] GC(3) Concurrent Cleanup for Next Mark
[2024-03-17T16:07:25.642+0000][12.287s] GC(3) Concurrent Cleanup for Next Mark 5.130ms
[2024-03-17T16:07:25.650+0000][12.295s] GC(3) Concurrent Mark Cycle 115.075ms
[2024-03-17T16:07:30.480+0000][17.125s] GC(4) Pause Young (Normal) (G1 Evacuation Pause)
[2024-03-17T16:07:30.484+0000][17.129s] GC(4) Using 8 workers of 8 for evacuation
[2024-03-17T16:07:30.596+0000][17.242s] GC(4)   Pre Evacuate Collection Set: 2.1ms
[2024-03-17T16:07:30.597+0000][17.242s] GC(4)   Merge Heap Roots: 0.9ms
[2024-03-17T16:07:30.597+0000][17.242s] GC(4)   Evacuate Collection Set: 102.1ms
[2024-03-17T16:07:30.597+0000][17.242s] GC(4)   Post Evacuate Collection Set: 6.3ms
[2024-03-17T16:07:30.597+0000][17.242s] GC(4)   Other: 4.8ms
[2024-03-17T16:07:30.597+0000][17.242s] GC(4) Eden regions: 63->0(97)
[2024-03-17T16:07:30.597+0000][17.242s] GC(4) Survivor regions: 3->6(9)
[2024-03-17T16:07:30.597+0000][17.242s] GC(4) Old regions: 17->17
[2024-03-17T16:07:30.597+0000][17.242s] GC(4) Archive regions: 2->2
[2024-03-17T16:07:30.597+0000][17.243s] GC(4) Humongous regions: 4->4
[2024-03-17T16:07:30.597+0000][17.243s] GC(4) Metaspace: 31965K(32256K)->31965K(32256K) NonClass: 28011K(28160K)->28011K(28160K) Class: 3954K(4096K)->3954K(4096K)
[2024-03-17T16:07:30.597+0000][17.243s] GC(4) Pause Young (Normal) (G1 Evacuation Pause) 87M->27M(512M) 117.262ms
[2024-03-17T16:07:30.597+0000][17.243s] GC(4) User=0.09s Sys=0.00s Real=0.12s
[2024-03-17T16:07:32.843+0000][19.489s] GC(5) Pause Young (Concurrent Start) (Metadata GC Threshold)
[2024-03-17T16:07:32.846+0000][19.491s] GC(5) Using 8 workers of 8 for evacuation
[2024-03-17T16:07:33.001+0000][19.646s] GC(5)   Pre Evacuate Collection Set: 2.6ms
[2024-03-17T16:07:33.009+0000][19.655s] GC(5)   Merge Heap Roots: 0.1ms
[2024-03-17T16:07:33.012+0000][19.657s] GC(5)   Evacuate Collection Set: 140.6ms
[2024-03-17T16:07:33.012+0000][19.658s] GC(5)   Post Evacuate Collection Set: 10.5ms
[2024-03-17T16:07:33.013+0000][19.659s] GC(5)   Other: 4.0ms
[2024-03-17T16:07:33.013+0000][19.659s] GC(5) Eden regions: 27->0(106)
[2024-03-17T16:07:33.013+0000][19.659s] GC(5) Survivor regions: 6->9(13)
[2024-03-17T16:07:33.013+0000][19.659s] GC(5) Old regions: 17->17
[2024-03-17T16:07:33.013+0000][19.659s] GC(5) Archive regions: 2->2
[2024-03-17T16:07:33.014+0000][19.659s] GC(5) Humongous regions: 4->4
[2024-03-17T16:07:33.014+0000][19.659s] GC(5) Metaspace: 35724K(36096K)->35724K(36096K) NonClass: 31245K(31424K)->31245K(31424K) Class: 4478K(4672K)->4478K(4672K)
[2024-03-17T16:07:33.014+0000][19.659s] GC(5) Pause Young (Concurrent Start) (Metadata GC Threshold) 53M->29M(512M) 170.379ms
[2024-03-17T16:07:33.014+0000][19.659s] GC(5) User=0.11s Sys=0.03s Real=0.17s
[2024-03-17T16:07:33.015+0000][19.660s] GC(6) Concurrent Mark Cycle
[2024-03-17T16:07:33.015+0000][19.660s] GC(6) Concurrent Clear Claimed Marks
[2024-03-17T16:07:33.015+0000][19.660s] GC(6) Concurrent Clear Claimed Marks 0.154ms
[2024-03-17T16:07:33.015+0000][19.660s] GC(6) Concurrent Scan Root Regions
[2024-03-17T16:07:33.054+0000][19.700s] GC(6) Concurrent Scan Root Regions 39.226ms
[2024-03-17T16:07:33.055+0000][19.700s] GC(6) Concurrent Mark
[2024-03-17T16:07:33.055+0000][19.701s] GC(6) Concurrent Mark From Roots
[2024-03-17T16:07:33.056+0000][19.701s] GC(6) Using 2 workers of 2 for marking
[2024-03-17T16:07:33.126+0000][19.771s] GC(6) Concurrent Mark From Roots 70.376ms
[2024-03-17T16:07:33.128+0000][19.773s] GC(6) Concurrent Preclean
[2024-03-17T16:07:33.128+0000][19.774s] GC(6) Concurrent Preclean 0.311ms
[2024-03-17T16:07:33.131+0000][19.776s] GC(6) Pause Remark
[2024-03-17T16:07:33.180+0000][19.825s] GC(6) Pause Remark 31M->31M(512M) 49.138ms
[2024-03-17T16:07:33.180+0000][19.825s] GC(6) User=0.03s Sys=0.00s Real=0.05s
[2024-03-17T16:07:33.181+0000][19.826s] GC(6) Concurrent Mark 125.817ms
[2024-03-17T16:07:33.183+0000][19.829s] GC(6) Concurrent Rebuild Remembered Sets
[2024-03-17T16:07:33.204+0000][19.849s] GC(6) Concurrent Rebuild Remembered Sets 20.415ms
[2024-03-17T16:07:33.206+0000][19.852s] GC(6) Pause Cleanup
[2024-03-17T16:07:33.208+0000][19.853s] GC(6) Pause Cleanup 31M->31M(512M) 1.100ms
[2024-03-17T16:07:33.208+0000][19.853s] GC(6) User=0.00s Sys=0.00s Real=0.00s
[2024-03-17T16:07:33.209+0000][19.854s] GC(6) Concurrent Cleanup for Next Mark
[2024-03-17T16:07:33.260+0000][19.905s] GC(6) Concurrent Cleanup for Next Mark 51.290ms
[2024-03-17T16:07:33.260+0000][19.906s] GC(6) Concurrent Mark Cycle 245.664ms
[2024-03-17T16:07:40.413+0000][27.059s] GC(7) Pause Young (Normal) (G1 Evacuation Pause)
[2024-03-17T16:07:40.414+0000][27.059s] GC(7) Using 8 workers of 8 for evacuation
[2024-03-17T16:07:40.581+0000][27.227s] GC(7)   Pre Evacuate Collection Set: 1.0ms
[2024-03-17T16:07:40.583+0000][27.229s] GC(7)   Merge Heap Roots: 0.4ms
[2024-03-17T16:07:40.591+0000][27.237s] GC(7)   Evacuate Collection Set: 157.7ms
[2024-03-17T16:07:40.591+0000][27.237s] GC(7)   Post Evacuate Collection Set: 2.9ms
[2024-03-17T16:07:40.591+0000][27.237s] GC(7)   Other: 6.1ms
[2024-03-17T16:07:40.591+0000][27.237s] GC(7) Eden regions: 114->0(163)
[2024-03-17T16:07:40.591+0000][27.237s] GC(7) Survivor regions: 9->16(16)
[2024-03-17T16:07:40.591+0000][27.237s] GC(7) Old regions: 17->20
[2024-03-17T16:07:40.592+0000][27.237s] GC(7) Archive regions: 2->2
[2024-03-17T16:07:40.592+0000][27.237s] GC(7) Humongous regions: 4->4
[2024-03-17T16:07:40.594+0000][27.239s] GC(7) Metaspace: 49222K(49664K)->49222K(49664K) NonClass: 42981K(43200K)->42981K(43200K) Class: 6241K(6464K)->6241K(6464K)
[2024-03-17T16:07:40.594+0000][27.240s] GC(7) Pause Young (Normal) (G1 Evacuation Pause) 143M->40M(512M) 180.950ms
[2024-03-17T16:07:40.594+0000][27.240s] GC(7) User=0.20s Sys=0.10s Real=0.18s
[2024-03-17T16:09:40.935+0000][147.580s] GC(8) Pause Young (Normal) (G1 Evacuation Pause)
[2024-03-17T16:09:40.936+0000][147.582s] GC(8) Using 8 workers of 8 for evacuation
[2024-03-17T16:09:41.165+0000][147.811s] GC(8)   Pre Evacuate Collection Set: 8.2ms
[2024-03-17T16:09:41.165+0000][147.811s] GC(8)   Merge Heap Roots: 0.8ms
[2024-03-17T16:09:41.165+0000][147.811s] GC(8)   Evacuate Collection Set: 209.7ms
[2024-03-17T16:09:41.165+0000][147.811s] GC(8)   Post Evacuate Collection Set: 1.9ms
[2024-03-17T16:09:41.166+0000][147.811s] GC(8)   Other: 10.0ms
[2024-03-17T16:09:41.166+0000][147.811s] GC(8) Eden regions: 157->0(106)
[2024-03-17T16:09:41.166+0000][147.811s] GC(8) Survivor regions: 16->16(22)
[2024-03-17T16:09:41.166+0000][147.811s] GC(8) Old regions: 20->27
[2024-03-17T16:09:41.166+0000][147.811s] GC(8) Archive regions: 2->2
[2024-03-17T16:09:41.166+0000][147.811s] GC(8) Humongous regions: 4->4
[2024-03-17T16:09:41.166+0000][147.811s] GC(8) Metaspace: 53804K(54400K)->53804K(54400K) NonClass: 46925K(47232K)->46925K(47232K) Class: 6878K(7168K)->6878K(7168K)
[2024-03-17T16:09:41.166+0000][147.811s] GC(8) Pause Young (Normal) (G1 Evacuation Pause) 197M->47M(512M) 231.000ms
[2024-03-17T16:09:41.166+0000][147.811s] GC(8) User=0.15s Sys=1.25s Real=0.23s
